GPL
---- items
---- issues
-------- distincts
-------- distincts : ('#1#2#3#4#5#', '', '', '', '')
-------- distincts : ('#1#2#3#4#5#', '#1#2#3#4#5#', '', '', '')
-------- distincts : ('#1#2#3#4#5#', '#1#2#3#4#5#', '#1#2#3#4#5#', '', '')
-------- distincts : ('#1#2#3#4#5#', '#1#2#3#4#5#', '#1#2#3#4#5#', '#1#2#3#4#5#', '')
-------- distincts : ('#1#2#3#4#5#', '#1#2#3#4#5#', '#1#2#3#4#5#', '#1#2#3#4#5#', '#1#2#3#4#5#')
-------- distincts : ('#1#2#3#4#5#', '#1#2#3#4#5#', '#1#2#3#4#5#', '#1#2#3#4#5#', 'DVD')
-------- distincts : ('#1#2#3#4#5#', '#1#2#3#4#5#', '#1#2#3#4#5#', '#1#2#3#4#5#', 'Disque compact')
-------- distincts : ('#1#2#3#4#5#', '#1#2#3#4#5#', '#1#2#3#4#5#', '#1#2#3#4#5#', 'Disque gomme-laque')
-------- distincts : ('#1#2#3#4#5#', '#1#2#3#4#5#', '#1#2#3#4#5#', '#1#2#3#4#5#', 'Disque microsillon')
-------- distincts : ('#1#2#3#4#5#', '#1#2#3#4#5#', '#1#2#3#4#5#', '#1#2#3#4#5#', 'Livre')
-------- distincts : ('#1#2#3#4#5#', '#1#2#3#4#5#', '#1#2#3#4#5#', '#1#2#3#4#5#', 'Partition')
-------- distincts : ('#1#2#3#4#5#', '#1#2#3#4#5#', '#1#2#3#4#5#', '#1#2#3#4#5#', 'Périodique - article')
-------- distincts : ('Adultes', '', '', '', '')
-------- distincts : ('Adultes', 'Arts, création, vie pratique', '', '', '')
-------- distincts : ('Adultes', 'Arts, création, vie pratique', 'Arts et loisirs créatifs', '', '')
-------- distincts : ('Adultes', 'Arts, création, vie pratique', 'Arts et loisirs créatifs', 'Arts', '')
-------- distincts : ('Adultes', 'Arts, création, vie pratique', 'Arts et loisirs créatifs', 'Arts', '#1#2#3#4#5#')
-------- distincts : ('Adultes', 'Arts, création, vie pratique', 'Arts et loisirs créatifs', 'Arts', 'DVD')
-------- distincts : ('Adultes', 'Arts, création, vie pratique', 'Arts et loisirs créatifs', 'Arts', 'Livre')
-------- distincts : ('Adultes', 'Arts, création, vie pratique', 'Arts et loisirs créatifs', 'Arts', 'Périodique')
-------- distincts : ('Adultes', 'Arts, création, vie pratique', 'Arts et loisirs créatifs', 'Loisirs créatifs', '')
-------- distincts : ('Adultes', 'Arts, création, vie pratique', 'Arts et loisirs créatifs', 'Loisirs créatifs', '#1#2#3#4#5#')
-------- distincts : ('Adultes', 'Arts, création, vie pratique', 'Arts et loisirs créatifs', 'Loisirs créatifs', 'DVD')
-------- distincts : ('Adultes', 'Arts, création, vie pratique', 'Arts et loisirs créatifs', 'Loisirs créatifs', 'Livre')
-------- distincts : ('Adultes', 'Arts, création, vie pratique', 'Arts et loisirs créatifs', 'Loisirs créatifs', 'Périodique')
-------- distincts : ('Adultes', 'Arts, création, vie pratique', 'Bande dessinée', '', '')
-------- distincts : ('Adultes', 'Arts, création, vie pratique', 'Bande dessinée', 'Bande dessinée', '')
-------- distincts : ('Adultes', 'Arts, création, vie pratique', 'Bande dessinée', 'Bande dessinée', '#1#2#3#4#5#')
-------- distincts : ('Adultes', 'Arts, création, vie pratique', 'Bande dessinée', 'Bande dessinée', 'Disque compact')
-------- distincts : ('Adultes', 'Arts, création, vie pratique', 'Bande dessinée', 'Bande dessinée', 'Livre')
-------- distincts : ('Adultes', 'Arts, création, vie pratique', 'Bande dessinée', 'Bande dessinée', 'Périodique')
-------- distincts : ('Adultes', 'Arts, création, vie pratique', 'Bande dessinée', 'Bande dessinée (documentaires)', '')
-------- distincts : ('Adultes', 'Arts, création, vie pratique', 'Bande dessinée', 'Bande dessinée (documentaires)', '#1#2#3#4#5#')
-------- distincts : ('Adultes', 'Arts, création, vie pratique', 'Bande dessinée', 'Bande dessinée (documentaires)', 'DVD')
-------- distincts : ('Adultes', 'Arts, création, vie pratique', 'Bande dessinée', 'Bande dessinée (documentaires)', 'Livre')
-------- distincts : ('Adultes', 'Arts, création, vie pratique', 'Bande dessinée', 'Bande dessinée : Comics', '')
-------- distincts : ('Adultes', 'Arts, création, vie pratique', 'Bande dessinée', 'Bande dessinée : Comics', '#1#2#3#4#5#')
-------- distincts : ('Adultes', 'Arts, création, vie pratique', 'Bande dessinée', 'Bande dessinée : Comics', 'Livre')
-------- distincts : ('Adultes', 'Arts, création, vie pratique', 'Bande dessinée', 'Bande dessinée : Mangas', '')
-------- distincts : ('Adultes', 'Arts, création, vie pratique', 'Bande dessinée', 'Bande dessinée : Mangas', '#1#2#3#4#5#')
-------- distincts : ('Adultes', 'Arts, création, vie pratique', 'Bande dessinée', 'Bande dessinée : Mangas', 'Disque compact')
-------- distincts : ('Adultes', 'Arts, création, vie pratique', 'Bande dessinée', 'Bande dessinée : Mangas', 'Livre')
-------- distincts : ('Adultes', 'Arts, création, vie pratique', 'Bande dessinée', 'Bande dessinée documentaire', '')
-------- distincts : ('Adultes', 'Arts, création, vie pratique', 'Bande dessinée', 'Bande dessinée documentaire', '#1#2#3#4#5#')
-------- distincts : ('Adultes', 'Arts, création, vie pratique', 'Bande dessinée', 'Bande dessinée documentaire', 'Livre')
-------- distincts : ('Adultes', 'Arts, création, vie pratique', 'Bande dessinée', 'Bande dessinée en série', '')
-------- distincts : ('Adultes', 'Arts, création, vie pratique', 'Bande dessinée', 'Bande dessinée en série', '#1#2#3#4#5#')
-------- distincts : ('Adultes', 'Arts, création, vie pratique', 'Bande dessinée', 'Bande dessinée en série', 'Livre')
-------- distincts : ('Adultes', 'Arts, création, vie pratique', 'Bande dessinée', 'Bande dessinée érotique', '')
-------- distincts : ('Adultes', 'Arts, création, vie pratique', 'Bande dessinée', 'Bande dessinée érotique', 'Livre')
-------- distincts : ('Adultes', 'Arts, création, vie pratique', 'Cinéma, télévision et séries TV', '', '')
-------- distincts : ('Adultes', 'Arts, création, vie pratique', 'Cinéma, télévision et séries TV', 'Documentaires sur le cinéma et la télévision', '')
-------- distincts : ('Adultes', 'Arts, création, vie pratique', 'Cinéma, télévision et séries TV', 'Documentaires sur le cinéma et la télévision', '#1#2#3#4#5#')
-------- distincts : ('Adultes', 'Arts, création, vie pratique', 'Cinéma, télévision et séries TV', 'Documentaires sur le cinéma et la télévision', 'DVD')
-------- distincts : ('Adultes', 'Arts, création, vie pratique', 'Cinéma, télévision et séries TV', 'Documentaires sur le cinéma et la télévision', 'Livre')
-------- distincts : ('Adultes', 'Arts, création, vie pratique', 'Cinéma, télévision et séries TV', 'Documentaires sur le cinéma et la télévision', 'Périodique')
-------- distincts : ('Adultes', 'Arts, création, vie pratique', 'Cinéma, télévision et séries TV', 'Films', '')
-------- distincts : ('Adultes', 'Arts, création, vie pratique', 'Cinéma, télévision et séries TV', 'Films', '#1#2#3#4#5#')
-------- distincts : ('Adultes', 'Arts, création, vie pratique', 'Cinéma, télévision et séries TV', 'Films', 'DVD')
-------- distincts : ('Adultes', 'Arts, création, vie pratique', 'Cinéma, télévision et séries TV', 'Films', 'Livre')
-------- distincts : ('Adultes', 'Arts, création, vie pratique', 'Cinéma, télévision et séries TV', 'Séries TV', '')
-------- distincts : ('Adultes', 'Arts, création, vie pratique', 'Cinéma, télévision et séries TV', 'Séries TV', '#1#2#3#4#5#')
-------- distincts : ('Adultes', 'Arts, création, vie pratique', 'Cinéma, télévision et séries TV', 'Séries TV', 'DVD')
-------- distincts : ('Adultes', 'Arts, création, vie pratique', 'Cinéma, télévision et séries TV', 'Séries TV', 'Jeu')
-------- distincts : ('Adultes', 'Arts, création, vie pratique', 'Cinéma, télévision et séries TV', 'Séries TV', 'Livre')
-------- distincts : ('Adultes', 'Arts, création, vie pratique', "Création graphique et vidéo, cinéma d'animation", '', '')
-------- distincts : ('Adultes', 'Arts, création, vie pratique', "Création graphique et vidéo, cinéma d'animation", 'Dessin animé', '')
-------- distincts : ('Adultes', 'Arts, création, vie pratique', "Création graphique et vidéo, cinéma d'animation", 'Dessin animé', 'DVD')
-------- distincts : ('Adultes', 'Arts, création, vie pratique', "Création graphique et vidéo, cinéma d'animation", 'Dessin animé', 'Disque compact')
-------- distincts : ('Adultes', 'Arts, création, vie pratique', "Création graphique et vidéo, cinéma d'animation", 'Dessin animé', 'Livre')
-------- distincts : ('Adultes', 'Arts, création, vie pratique', "Création graphique et vidéo, cinéma d'animation", 'Dessin animé (documentaires)', '')
-------- distincts : ('Adultes', 'Arts, création, vie pratique', "Création graphique et vidéo, cinéma d'animation", 'Dessin animé (documentaires)', 'DVD')
-------- distincts : ('Adultes', 'Arts, création, vie pratique', "Création graphique et vidéo, cinéma d'animation", 'Dessin animé (documentaires)', 'Livre')
-------- distincts : ('Adultes', 'Arts, création, vie pratique', "Création graphique et vidéo, cinéma d'animation", 'Dessin animé (documentaires)', 'Périodique')
-------- distincts : ('Adultes', 'Arts, création, vie pratique', "Création graphique et vidéo, cinéma d'animation", 'Documentaires sur les jeux', '')
-------- distincts : ('Adultes', 'Arts, création, vie pratique', "Création graphique et vidéo, cinéma d'animation", 'Documentaires sur les jeux', 'DVD')
-------- distincts : ('Adultes', 'Arts, création, vie pratique', "Création graphique et vidéo, cinéma d'animation", 'Documentaires sur les jeux', 'Disque compact')
-------- distincts : ('Adultes', 'Arts, création, vie pratique', "Création graphique et vidéo, cinéma d'animation", 'Documentaires sur les jeux', 'Jeu')
-------- distincts : ('Adultes', 'Arts, création, vie pratique', "Création graphique et vidéo, cinéma d'animation", 'Documentaires sur les jeux', 'Livre')
-------- distincts : ('Adultes', 'Arts, création, vie pratique', "Création graphique et vidéo, cinéma d'animation", 'Documentaires sur les jeux vidéo et la culture geek', '')
-------- distincts : ('Adultes', 'Arts, création, vie pratique', "Création graphique et vidéo, cinéma d'animation", 'Documentaires sur les jeux vidéo et la culture geek', 'DVD')
-------- distincts : ('Adultes', 'Arts, création, vie pratique', "Création graphique et vidéo, cinéma d'animation", 'Documentaires sur les jeux vidéo et la culture geek', 'Disque compact')
-------- distincts : ('Adultes', 'Arts, création, vie pratique', "Création graphique et vidéo, cinéma d'animation", 'Documentaires sur les jeux vidéo et la culture geek', 'Livre')
-------- distincts : ('Adultes', 'Arts, création, vie pratique', "Création graphique et vidéo, cinéma d'animation", 'Documentaires sur les jeux vidéo et la culture geek', 'Périodique')
-------- distincts : ('Adultes', 'Arts, création, vie pratique', 'Livres précieux', '', '')
-------- distincts : ('Adultes', 'Arts, création, vie pratique', 'Livres précieux', 'Livres précieux', '')
-------- distincts : ('Adultes', 'Arts, création, vie pratique', 'Livres précieux', 'Livres précieux', 'Livre')
-------- distincts : ('Adultes', 'Arts, création, vie pratique', 'Vie pratique et loisirs', '', '')
-------- distincts : ('Adultes', 'Arts, création, vie pratique', 'Vie pratique et loisirs', 'Cuisine et bricolage', '')
-------- distincts : ('Adultes', 'Arts, création, vie pratique', 'Vie pratique et loisirs', 'Cuisine et bricolage', '#1#2#3#4#5#')
-------- distincts : ('Adultes', 'Arts, création, vie pratique', 'Vie pratique et loisirs', 'Cuisine et bricolage', 'DVD')
-------- distincts : ('Adultes', 'Arts, création, vie pratique', 'Vie pratique et loisirs', 'Cuisine et bricolage', 'Livre')
-------- distincts : ('Adultes', 'Arts, création, vie pratique', 'Vie pratique et loisirs', 'Cuisine et bricolage', 'Périodique')
-------- distincts : ('Adultes', 'Arts, création, vie pratique', 'Vie pratique et loisirs', 'Faune et flore', '')
-------- distincts : ('Adultes', 'Arts, création, vie pratique', 'Vie pratique et loisirs', 'Faune et flore', '#1#2#3#4#5#')
-------- distincts : ('Adultes', 'Arts, création, vie pratique', 'Vie pratique et loisirs', 'Faune et flore', 'DVD')
-------- distincts : ('Adultes', 'Arts, création, vie pratique', 'Vie pratique et loisirs', 'Faune et flore', 'Jeu')
-------- distincts : ('Adultes', 'Arts, création, vie pratique', 'Vie pratique et loisirs', 'Faune et flore', 'Livre')
-------- distincts : ('Adultes', 'Arts, création, vie pratique', 'Vie pratique et loisirs', 'Faune et flore', 'Périodique')
-------- distincts : ('Adultes', 'Arts, création, vie pratique', 'Vie pratique et loisirs', 'Géographie', '')
-------- distincts : ('Adultes', 'Arts, création, vie pratique', 'Vie pratique et loisirs', 'Géographie', '#1#2#3#4#5#')
-------- distincts : ('Adultes', 'Arts, création, vie pratique', 'Vie pratique et loisirs', 'Géographie', 'Carte routière')
-------- distincts : ('Adultes', 'Arts, création, vie pratique', 'Vie pratique et loisirs', 'Géographie', 'DVD')
-------- distincts : ('Adultes', 'Arts, création, vie pratique', 'Vie pratique et loisirs', 'Géographie', 'Livre')
-------- distincts : ('Adultes', 'Arts, création, vie pratique', 'Vie pratique et loisirs', 'Géographie', 'Périodique')
-------- distincts : ('Adultes', 'Arts, création, vie pratique', 'Vie pratique et loisirs', 'Humour', '')
-------- distincts : ('Adultes', 'Arts, création, vie pratique', 'Vie pratique et loisirs', 'Humour', 'DVD')
-------- distincts : ('Adultes', 'Arts, création, vie pratique', 'Vie pratique et loisirs', 'Humour', 'Disque compact')
-------- distincts : ('Adultes', 'Arts, création, vie pratique', 'Vie pratique et loisirs', 'Humour', 'Livre')
-------- distincts : ('Adultes', 'Arts, création, vie pratique', 'Vie pratique et loisirs', 'Médecine et santé', '')
-------- distincts : ('Adultes', 'Arts, création, vie pratique', 'Vie pratique et loisirs', 'Médecine et santé', '#1#2#3#4#5#')
-------- distincts : ('Adultes', 'Arts, création, vie pratique', 'Vie pratique et loisirs', 'Médecine et santé', 'DVD')
-------- distincts : ('Adultes', 'Arts, création, vie pratique', 'Vie pratique et loisirs', 'Médecine et santé', 'Livre')
-------- distincts : ('Adultes', 'Arts, création, vie pratique', 'Vie pratique et loisirs', 'Médecine et santé', 'Périodique')
-------- distincts : ('Adultes', 'Arts, création, vie pratique', 'Vie pratique et loisirs', 'Parentalité', '')
-------- distincts : ('Adultes', 'Arts, création, vie pratique', 'Vie pratique et loisirs', 'Parentalité', '#1#2#3#4#5#')
-------- distincts : ('Adultes', 'Arts, création, vie pratique', 'Vie pratique et loisirs', 'Parentalité', 'DVD')
-------- distincts : ('Adultes', 'Arts, création, vie pratique', 'Vie pratique et loisirs', 'Parentalité', 'Livre')
-------- distincts : ('Adultes', 'Arts, création, vie pratique', 'Vie pratique et loisirs', 'Parentalité', 'Périodique')
-------- distincts : ('Adultes', 'Arts, création, vie pratique', 'Vie pratique et loisirs', 'Presse masculine / féminine', '')
-------- distincts : ('Adultes', 'Arts, création, vie pratique', 'Vie pratique et loisirs', 'Presse masculine / féminine', 'Périodique')
-------- distincts : ('Adultes', 'Arts, création, vie pratique', 'Vie pratique et loisirs', 'Psychologie', '')
-------- distincts : ('Adultes', 'Arts, création, vie pratique', 'Vie pratique et loisirs', 'Psychologie', '#1#2#3#4#5#')
-------- distincts : ('Adultes', 'Arts, création, vie pratique', 'Vie pratique et loisirs', 'Psychologie', 'DVD')
-------- distincts : ('Adultes', 'Arts, création, vie pratique', 'Vie pratique et loisirs', 'Psychologie', 'Livre')
-------- distincts : ('Adultes', 'Arts, création, vie pratique', 'Vie pratique et loisirs', 'Psychologie', 'Périodique')
-------- distincts : ('Adultes', 'Arts, création, vie pratique', 'Vie pratique et loisirs', 'Sports et loisirs', '')
-------- distincts : ('Adultes', 'Arts, création, vie pratique', 'Vie pratique et loisirs', 'Sports et loisirs', '#1#2#3#4#5#')
-------- distincts : ('Adultes', 'Arts, création, vie pratique', 'Vie pratique et loisirs', 'Sports et loisirs', 'DVD')
-------- distincts : ('Adultes', 'Arts, création, vie pratique', 'Vie pratique et loisirs', 'Sports et loisirs', 'Livre')
-------- distincts : ('Adultes', 'Arts, création, vie pratique', 'Vie pratique et loisirs', 'Sports et loisirs', 'Périodique')
-------- distincts : ('Adultes', 'Arts, création, vie pratique', 'Vie pratique et loisirs', 'Zéro déchet', '')
-------- distincts : ('Adultes', 'Arts, création, vie pratique', 'Vie pratique et loisirs', 'Zéro déchet', '#1#2#3#4#5#')
-------- distincts : ('Adultes', 'Arts, création, vie pratique', 'Vie pratique et loisirs', 'Zéro déchet', 'DVD')
-------- distincts : ('Adultes', 'Arts, création, vie pratique', 'Vie pratique et loisirs', 'Zéro déchet', 'Livre')
-------- distincts : ('Adultes', 'Comprendre et se former', '', '', '')
-------- distincts : ('Adultes', 'Comprendre et se former', 'Bibliothèque professionnelle', '', '')
-------- distincts : ('Adultes', 'Comprendre et se former', 'Bibliothèque professionnelle', '#1#2#3#4#5#', '')
-------- distincts : ('Adultes', 'Comprendre et se former', 'Bibliothèque professionnelle', '#1#2#3#4#5#', 'Livre')
-------- distincts : ('Adultes', 'Comprendre et se former', 'Bibliothèque professionnelle', '#1#2#3#4#5#', 'Périodique')
-------- distincts : ('Adultes', 'Comprendre et se former', 'Français et FLE', '', '')
-------- distincts : ('Adultes', 'Comprendre et se former', 'Français et FLE', '#1#2#3#4#5#', '')
-------- distincts : ('Adultes', 'Comprendre et se former', 'Français et FLE', '#1#2#3#4#5#', '#1#2#3#4#5#')
-------- distincts : ('Adultes', 'Comprendre et se former', 'Français et FLE', '#1#2#3#4#5#', 'DVD')
-------- distincts : ('Adultes', 'Comprendre et se former', 'Français et FLE', '#1#2#3#4#5#', 'Livre')
-------- distincts : ('Adultes', 'Comprendre et se former', 'Français et FLE', '#1#2#3#4#5#', 'Méthode de langue')
-------- distincts : ('Adultes', 'Comprendre et se former', 'Histoire', '', '')
-------- distincts : ('Adultes', 'Comprendre et se former', 'Histoire', '#1#2#3#4#5#', '')
-------- distincts : ('Adultes', 'Comprendre et se former', 'Histoire', '#1#2#3#4#5#', '#1#2#3#4#5#')
-------- distincts : ('Adultes', 'Comprendre et se former', 'Histoire', '#1#2#3#4#5#', 'DVD')
-------- distincts : ('Adultes', 'Comprendre et se former', 'Histoire', '#1#2#3#4#5#', 'Livre')
-------- distincts : ('Adultes', 'Comprendre et se former', 'Histoire', '#1#2#3#4#5#', 'Périodique')
-------- distincts : ('Adultes', 'Comprendre et se former', 'Informatique', '', '')
-------- distincts : ('Adultes', 'Comprendre et se former', 'Informatique', '#1#2#3#4#5#', '')
-------- distincts : ('Adultes', 'Comprendre et se former', 'Informatique', '#1#2#3#4#5#', 'Livre')
-------- distincts : ('Adultes', 'Comprendre et se former', 'Informatique', '#1#2#3#4#5#', 'Périodique')
-------- distincts : ('Adultes', 'Comprendre et se former', 'Langues étrangères', '', '')
-------- distincts : ('Adultes', 'Comprendre et se former', 'Langues étrangères', '#1#2#3#4#5#', '')
-------- distincts : ('Adultes', 'Comprendre et se former', 'Langues étrangères', '#1#2#3#4#5#', '#1#2#3#4#5#')
-------- distincts : ('Adultes', 'Comprendre et se former', 'Langues étrangères', '#1#2#3#4#5#', 'DVD')
-------- distincts : ('Adultes', 'Comprendre et se former', 'Langues étrangères', '#1#2#3#4#5#', 'Livre')
-------- distincts : ('Adultes', 'Comprendre et se former', 'Langues étrangères', '#1#2#3#4#5#', 'Livre audio')
-------- distincts : ('Adultes', 'Comprendre et se former', 'Langues étrangères', '#1#2#3#4#5#', 'Méthode de langue')
-------- distincts : ('Adultes', 'Comprendre et se former', 'Langues étrangères', '#1#2#3#4#5#', 'Périodique')
-------- distincts : ('Adultes', 'Comprendre et se former', 'Philosophie', '', '')
-------- distincts : ('Adultes', 'Comprendre et se former', 'Philosophie', '#1#2#3#4#5#', '')
-------- distincts : ('Adultes', 'Comprendre et se former', 'Philosophie', '#1#2#3#4#5#', '#1#2#3#4#5#')
-------- distincts : ('Adultes', 'Comprendre et se former', 'Philosophie', '#1#2#3#4#5#', 'DVD')
-------- distincts : ('Adultes', 'Comprendre et se former', 'Philosophie', '#1#2#3#4#5#', 'Livre')
-------- distincts : ('Adultes', 'Comprendre et se former', 'Philosophie', '#1#2#3#4#5#', 'Périodique')
-------- distincts : ('Adultes', 'Comprendre et se former', 'Presse ados', '', '')
-------- distincts : ('Adultes', 'Comprendre et se former', 'Presse ados', '#1#2#3#4#5#', '')
-------- distincts : ('Adultes', 'Comprendre et se former', 'Presse ados', '#1#2#3#4#5#', 'Livre')
-------- distincts : ('Adultes', 'Comprendre et se former', 'Presse ados', '#1#2#3#4#5#', 'Périodique')
-------- distincts : ('Adultes', 'Comprendre et se former', "Presse d'actualité", '', '')
-------- distincts : ('Adultes', 'Comprendre et se former', "Presse d'actualité", '#1#2#3#4#5#', '')
-------- distincts : ('Adultes', 'Comprendre et se former', "Presse d'actualité", '#1#2#3#4#5#', 'Livre')
-------- distincts : ('Adultes', 'Comprendre et se former', "Presse d'actualité", '#1#2#3#4#5#', 'Périodique')
-------- distincts : ('Adultes', 'Comprendre et se former', 'Religions', '', '')
-------- distincts : ('Adultes', 'Comprendre et se former', 'Religions', '#1#2#3#4#5#', '')
-------- distincts : ('Adultes', 'Comprendre et se former', 'Religions', '#1#2#3#4#5#', 'DVD')
-------- distincts : ('Adultes', 'Comprendre et se former', 'Religions', '#1#2#3#4#5#', 'Livre')
-------- distincts : ('Adultes', 'Comprendre et se former', 'Religions', '#1#2#3#4#5#', 'Périodique')
-------- distincts : ('Adultes', 'Comprendre et se former', 'Réussir', '', '')
-------- distincts : ('Adultes', 'Comprendre et se former', 'Réussir', '#1#2#3#4#5#', '')
-------- distincts : ('Adultes', 'Comprendre et se former', 'Réussir', '#1#2#3#4#5#', '#1#2#3#4#5#')
-------- distincts : ('Adultes', 'Comprendre et se former', 'Réussir', '#1#2#3#4#5#', 'DVD')
-------- distincts : ('Adultes', 'Comprendre et se former', 'Réussir', '#1#2#3#4#5#', 'Livre')
-------- distincts : ('Adultes', 'Comprendre et se former', 'Réussir', '#1#2#3#4#5#', 'Périodique')
-------- distincts : ('Adultes', 'Comprendre et se former', 'Sciences et technologies', '', '')
-------- distincts : ('Adultes', 'Comprendre et se former', 'Sciences et technologies', '#1#2#3#4#5#', '')
-------- distincts : ('Adultes', 'Comprendre et se former', 'Sciences et technologies', '#1#2#3#4#5#', '#1#2#3#4#5#')
-------- distincts : ('Adultes', 'Comprendre et se former', 'Sciences et technologies', '#1#2#3#4#5#', 'DVD')
-------- distincts : ('Adultes', 'Comprendre et se former', 'Sciences et technologies', '#1#2#3#4#5#', 'Livre')
-------- distincts : ('Adultes', 'Comprendre et se former', 'Sciences et technologies', '#1#2#3#4#5#', 'Périodique')
-------- distincts : ('Adultes', 'Comprendre et se former', 'Sciences sociales', '', '')
-------- distincts : ('Adultes', 'Comprendre et se former', 'Sciences sociales', '#1#2#3#4#5#', '')
-------- distincts : ('Adultes', 'Comprendre et se former', 'Sciences sociales', '#1#2#3#4#5#', '#1#2#3#4#5#')
-------- distincts : ('Adultes', 'Comprendre et se former', 'Sciences sociales', '#1#2#3#4#5#', 'DVD')
-------- distincts : ('Adultes', 'Comprendre et se former', 'Sciences sociales', '#1#2#3#4#5#', 'Livre')
-------- distincts : ('Adultes', 'Comprendre et se former', 'Sciences sociales', '#1#2#3#4#5#', 'Livre audio')
-------- distincts : ('Adultes', 'Comprendre et se former', 'Sciences sociales', '#1#2#3#4#5#', 'Périodique')
-------- distincts : ('Adultes', 'Comprendre et se former', "Usuels (salle d'étude)", '', '')
-------- distincts : ('Adultes', 'Comprendre et se former', "Usuels (salle d'étude)", '#1#2#3#4#5#', '')
-------- distincts : ('Adultes', 'Comprendre et se former', "Usuels (salle d'étude)", '#1#2#3#4#5#', 'Livre')
-------- distincts : ('Adultes', 'Comprendre et se former', "Usuels (salle d'étude)", '#1#2#3#4#5#', 'Périodique')
-------- distincts : ('Adultes', 'Divers', '', '', '')
-------- distincts : ('Adultes', 'Divers', '#1#2#3#4#5#', '', '')
-------- distincts : ('Adultes', 'Divers', '#1#2#3#4#5#', '#1#2#3#4#5#', '')
